Last login: Thu Jan 13 07:36:01 on ttys000
jovemmanuelr.ermitano@JEREs-MacBook ~ % git remote add origin https://github.com/jovemmanuelre/github-upload

fatal: not a git repository (or any of the parent directories): .git
jovemmanuelr.ermitano@JEREs-MacBook ~ % git install
git: 'install' is not a git command. See 'git --help'.

The most similar command is
	instaweb
jovemmanuelr.ermitano@JEREs-MacBook ~ % git status
fatal: not a git repository (or any of the parent directories): .git
jovemmanuelr.ermitano@JEREs-MacBook ~ % git init
hint: Using 'master' as the name for the initial branch. This default branch name
hint: is subject to change. To configure the initial branch name to use in all
hint: of your new repositories, which will suppress this warning, call:
hint: 
hint: 	git config --global init.defaultBranch <name>
hint: 
hint: Names commonly chosen instead of 'master' are 'main', 'trunk' and
hint: 'development'. The just-created branch can be renamed via this command:
hint: 
hint: 	git branch -m <name>
Initialized empty Git repository in /Users/jovemmanuelr.ermitano/.git/
jovemmanuelr.ermitano@JEREs-MacBook ~ % fatal: not a git repository (or any of the parent directories): .git
zsh: no matches found: (or any of the parent directories):
jovemmanuelr.ermitano@JEREs-MacBook ~ % git
usage: git [--version] [--help] [-C <path>] [-c <name>=<value>]
           [--exec-path[=<path>]] [--html-path] [--man-path] [--info-path]
           [-p | --paginate | -P | --no-pager] [--no-replace-objects] [--bare]
           [--git-dir=<path>] [--work-tree=<path>] [--namespace=<name>]
           [--super-prefix=<path>] [--config-env=<name>=<envvar>]
           <command> [<args>]

These are common Git commands used in various situations:

start a working area (see also: git help tutorial)
   clone     Clone a repository into a new directory
   init      Create an empty Git repository or reinitialize an existing one

work on the current change (see also: git help everyday)
   add       Add file contents to the index
   mv        Move or rename a file, a directory, or a symlink
   restore   Restore working tree files
   rm        Remove files from the working tree and from the index

examine the history and state (see also: git help revisions)
   bisect    Use binary search to find the commit that introduced a bug
   diff      Show changes between commits, commit and working tree, etc
   grep      Print lines matching a pattern
   log       Show commit logs
   show      Show various types of objects
   status    Show the working tree status

grow, mark and tweak your common history
   branch    List, create, or delete branches
   commit    Record changes to the repository
   merge     Join two or more development histories together
   rebase    Reapply commits on top of another base tip
   reset     Reset current HEAD to the specified state
   switch    Switch branches
   tag       Create, list, delete or verify a tag object signed with GPG

collaborate (see also: git help workflows)
   fetch     Download objects and refs from another repository
   pull      Fetch from and integrate with another repository or a local branch
   push      Update remote refs along with associated objects

'git help -a' and 'git help -g' list available subcommands and some
concept guides. See 'git help <command>' or 'git help <concept>'
to read about a specific subcommand or concept.
See 'git help git' for an overview of the system.
jovemmanuelr.ermitano@JEREs-MacBook ~ % git status
warning: could not open directory '.Trash/': Operation not permitted
On branch master

No commits yet

Untracked files:
  (use "git add <file>..." to include in what will be committed)
	.513887.padl
	.CFUserTextEncoding
	.DS_Store
	.atom/
	.bash_profile
	.bashrc
	.config/
	.cups/
	.gitconfig
	.keras/
	.knime/
	.local/
	.mailcap
	.mime.types
	.python_history
	.spyder-py3/
	.tcshrc
	.xonshrc
	.zprofile
	.zsh_history
	.zsh_sessions/
	.zshrc
	Applications/
	Desktop/
	Documents/
	Downloads/
	First_JERE.ipynb
	Library/
	Movies/
	Music/
	Pictures/
	Public/
	Spoon-Knife/
	Untitled.ipynb


It took 5.87 seconds to enumerate untracked files. 'status -uno'
may speed it up, but you have to be careful not to forget to add
new files yourself (see 'git help status').
nothing added to commit but untracked files present (use "git add" to track)
jovemmanuelr.ermitano@JEREs-MacBook ~ % git remote add origin https://github.com/jovemmanuelre/github-upload
jovemmanuelr.ermitano@JEREs-MacBook ~ % https://github.com/jovemmanuelre/github-upload
zsh: no such file or directory: https://github.com/jovemmanuelre/github-upload
jovemmanuelr.ermitano@JEREs-MacBook ~ % git remote add origin https://github.com/jovemmanuelre/github-upload
error: remote origin already exists.
jovemmanuelr.ermitano@JEREs-MacBook ~ % git remote add originhtt              
